[
    {
        "days": 31,
        "items": [
            {
                "class": "BaseItem",
                "id": 1641107264,
                "name": "+5 Dexterity Vest",
                "values": {
                    "sellIn": [
                        10, 9, 8, 7, 6, 5, 4, 3, 2, 1, 0, -1, -2, -3, -4, -5, -6, -7, -8, -9, -10, -11, -12, -13, -14, -15, -16, -17, -18, -19, -20
                    ],
                    "quality": [
                        20, 19, 18, 17, 16, 15, 14, 13, 12, 11, 10, 8, 6, 4, 2, 0, 0, 0, 0, 0, 0, 0, 0, 0, 0, 0, 0, 0, 0, 0, 0
                    ]
                }
            }
        ]
    },
    {
        "days": 31,
        "items": [
            {
                "class": "Aged",
                "id": 1641107433,
                "name": "Aged Brie",
                "values": {
                    "sellIn": [
                        2, 1, 0, -1, -2, -3, -4, -5, -6, -7, -8, -9, -10, -11, -12, -13, -14, -15, -16, -17, -18, -19, -20, -21, -22, -23, -24, -25, -26, -27, -28
                    ],
                    "quality": [
                        0, 1, 2, 4, 6, 8, 10, 12, 14, 16, 18, 20, 22, 24, 26, 28, 30, 32, 34, 36, 38, 40, 42, 44, 46, 48, 50, 50, 50, 50, 50
                    ]
                }
            }
        ]
    },
    {
        "days": 31,
        "items": [
            {
                "class": "BaseItem",
                "id": 1641107442,
                "name": "Elixir of the Mongoose",
                "values": {
                    "sellIn": [
                        5, 4, 3, 2, 1, 0, -1, -2, -3, -4, -5, -6, -7, -8, -9, -10, -11, -12, -13, -14, -15, -16, -17, -18, -19, -20, -21, -22, -23, -24, -25
                    ],
                    "quality": [
                        7, 6, 5, 4, 3, 2, 0, 0, 0, 0, 0, 0, 0, 0, 0, 0, 0, 0, 0, 0, 0, 0, 0, 0, 0, 0, 0, 0, 0, 0, 0
                    ]
                }
            }
        ]
    },
    {
        "days": 31,
        "items": [
            {
                "class": "Sulfuras",
                "id": 1641107590,
                "name": "Sulfuras, Hand of Ragnaros",
                "values": {
                    "sellIn": [
                        0, 0, 0, 0, 0, 0, 0, 0, 0, 0, 0, 0, 0, 0, 0, 0, 0, 0, 0, 0, 0, 0, 0, 0, 0, 0, 0, 0, 0, 0, 0
                    ],
                    "quality": [
                        80, 80, 80, 80, 80, 80, 80, 80, 80, 80, 80, 80, 80, 80, 80, 80, 80, 80, 80, 80, 80, 80, 80, 80, 80, 80, 80, 80, 80, 80, 80
                    ]
                }
            }
        ]
    },
    {
        "days": 31,
        "items": [
            {
                "class": "Sulfuras",
                "id": 1641107600,
                "name": "Sulfuras, Hand of Ragnaros",
                "values": {
                    "sellIn": [
                        -1, -1, -1, -1, -1, -1, -1, -1, -1, -1, -1, -1, -1, -1, -1, -1, -1, -1, -1, -1, -1, -1, -1, -1, -1, -1, -1, -1, -1, -1, -1
                    ],
                    "quality": [
                        80, 80, 80, 80, 80, 80, 80, 80, 80, 80, 80, 80, 80, 80, 80, 80, 80, 80, 80, 80, 80, 80, 80, 80, 80, 80, 80, 80, 80, 80, 80
                    ]
                }
            }
        ]
    },
    {
        "days": 31,
        "items": [
            {
                "class": "BackstagePasses",
                "id": 1641107767,
                "name": "Backstage passes to a TAFKAL80ETC concert",
                "values": {
                    "sellIn": [
                        15, 14, 13, 12, 11, 10, 9, 8, 7, 6, 5, 4, 3, 2, 1, 0, -1, -2, -3, -4, -5, -6, -7, -8, -9, -10, -11, -12, -13, -14, -15
                    ],
                    "quality": [
                        20, 21, 22, 23, 24, 25, 27, 29, 31, 33, 35, 38, 41, 44, 47, 50, 0, 0, 0, 0, 0, 0, 0, 0, 0, 0, 0, 0, 0, 0, 0
                    ]
                }
            }
        ]
    },
    {
        "days": 31,
        "items": [
            {
                "class": "BackstagePasses",
                "id": 1641107777,
                "name": "Backstage passes to a TAFKAL80ETC concert",
                "values": {
                    "sellIn": [
                        10, 9, 8, 7, 6, 5, 4, 3, 2, 1, 0, -1, -2, -3, -4, -5, -6, -7, -8, -9, -10, -11, -12, -13, -14, -15, -16, -17, -18, -19, -20
                    ],
                    "quality": [
                        49, 50, 50, 50, 50, 50, 50, 50, 50, 50, 50, 0, 0, 0, 0, 0, 0, 0, 0, 0, 0, 0, 0, 0, 0, 0, 0, 0, 0, 0, 0
                    ]
                }
            }
        ]
    },
    {
        "days": 31,
        "items": [
            {
                "class": "BackstagePasses",
                "id": 1641107785,
                "name": "Backstage passes to a TAFKAL80ETC concert",
                "values": {
                    "sellIn": [
                        5, 4, 3, 2, 1, 0, -1, -2, -3, -4, -5, -6, -7, -8, -9, -10, -11, -12, -13, -14, -15, -16, -17, -18, -19, -20, -21, -22, -23, -24, -25
                    ],
                    "quality": [
                        49, 50, 50, 50, 50, 50, 0, 0, 0, 0, 0, 0, 0, 0, 0, 0, 0, 0, 0, 0, 0, 0, 0, 0, 0, 0, 0, 0, 0, 0, 0
                    ]
                }
            }
        ]
    },
    {
        "days": 31,
        "items": [
            {
                "class": "Conjured",
                "id": 1641107927,
                "name": "Conjured Mana Cake",
                "values": {
                    "sellIn": [
                        3, 2, 1, 0, -1, -2, -3, -4, -5, -6, -7, -8, -9, -10, -11, -12, -13, -14, -15, -16, -17, -18, -19, -20, -21, -22, -23, -24, -25, -26, -27
                    ],
                    "quality": [
                        6, 5, 4, 3, 1, 0, 0, 0, 0, 0, 0, 0, 0, 0, 0, 0, 0, 0, 0, 0, 0, 0, 0, 0, 0, 0, 0, 0, 0, 0, 0
                    ]
                }
            }
        ]
    }
]